###############################################################################
#
# IAR ELF Linker V8.40.2.214/W32 for ARM                  28/Nov/2019  20:41:24
# Copyright 2007-2019 IAR Systems AB.
#
#    Output file  =
#        C:\Users\lilwiz\Documents\embedded projects\lcd\Debug\Exe\lcd
#        interface.out
#    Map file     =
#        C:\Users\lilwiz\Documents\embedded projects\lcd\Debug\List\lcd
#        interface.map
#    Command line =
#        -f C:\Users\lilwiz\AppData\Local\Temp\EW4EC8.tmp
#        ("C:\Users\lilwiz\Documents\embedded projects\lcd\Debug\Obj\Keypad.o"
#        "C:\Users\lilwiz\Documents\embedded projects\lcd\Debug\Obj\LCD.o"
#        "C:\Users\lilwiz\Documents\embedded projects\lcd\Debug\Obj\main.o"
#        "C:\Users\lilwiz\Documents\embedded
#        projects\lcd\Debug\Obj\Port_INIT.o"
#        "C:\Users\lilwiz\Documents\embedded
#        projects\lcd\Debug\Obj\Systick_Timer.o"
#        "C:\Users\lilwiz\Documents\embedded projects\lcd\Debug\Obj\Timer.o"
#        --no_out_extension -o "C:\Users\lilwiz\Documents\embedded
#        projects\lcd\Debug\Exe\lcd interface.out" --redirect
#        _Printf=_PrintfFullNoMb --redirect _Scanf=_ScanfFullNoMb --map
#        "C:\Users\lilwiz\Documents\embedded projects\lcd\Debug\List\lcd
#        interface.map" --config "C:\Program Files (x86)\IAR Systems\Embedded
#        Workbench 8.3\arm\config\linker\TexasInstruments\TM4C123GH6.icf"
#        --semihosting --entry __iar_program_start --vfe --text_out locale)
#
###############################################################################

*******************************************************************************
*** RUNTIME MODEL ATTRIBUTES
***

CppFlavor       = *
__SystemLibrary = DLib
__dlib_version  = 6


*******************************************************************************
*** HEAP SELECTION
***

The basic heap was selected because some modules are built with
size limitations (and not runtime checking), and --advanced_heap
was not specified.


*******************************************************************************
*** PLACEMENT SUMMARY
***

"A0":  place at address 0x0 { ro section .intvec };
"P1":  place in [from 0x0 to 0x3'ffff] { ro };
define block CSTACK with size = 4K, alignment = 8 { };
define block HEAP with size = 8K, alignment = 8 { };
"P2":  place in [from 0x2000'0000 to 0x2000'7fff] {
          rw, block CSTACK, block HEAP };

No sections matched the following patterns:

  rw  in "P2"


  Section   Kind         Address    Size  Object
  -------   ----         -------    ----  ------
"A0":                               0x40
  .intvec   ro code          0x0    0x40  vector_table_M.o [4]
                          - 0x40    0x40

"P1":                              0x89c
  .text     ro code         0x40   0x184  Port_INIT.o [1]
  .text     ro code        0x1c4   0x158  Timer.o [1]
  .text     ro code        0x31c    0x5c  Systick_Timer.o [1]
  .text     ro code        0x378    0x66  ABImemset.o [4]
  .text     ro code        0x3de     0x2  vector_table_M.o [4]
  .text     ro code        0x3e0   0x12e  LCD.o [1]
  .text     ro code        0x510    0x36  strlen.o [4]
  .text     ro code        0x548   0x150  iar_Stoulx.o [2]
  .text     ro code        0x698    0xb0  Keypad.o [1]
  .text     ro code        0x748    0x1e  strcat.o [2]
  .text     ro code        0x768    0x58  memchr.o [4]
  .rodata   const          0x7c0    0x50  iar_Stoulx.o [2]
  .text     ro code        0x810    0x44  main.o [1]
  .text     ro code        0x854    0x22  fpinit_M.o [3]
  .text     ro code        0x878    0x1e  cmain.o [4]
  .text     ro code        0x896     0x4  low_level_init.o [2]
  .text     ro code        0x89a     0x4  exit.o [2]
  .text     ro code        0x8a0     0xa  cexit.o [4]
  .text     ro code        0x8ac    0x14  exit.o [5]
  .rodata   const          0x8c0    0x10  Keypad.o [1]
  .text     ro code        0x8d0     0xc  cstartup_M.o [4]
                         - 0x8dc   0x89c

"P2":                             0x1000
  CSTACK             0x2000'0000  0x1000  <Block>
    CSTACK  uninit   0x2000'0000  0x1000  <Block tail>
                   - 0x2000'1000  0x1000

Unused ranges:

         From           To      Size
         ----           --      ----
        0x8dc     0x3'ffff  0x3'f724
  0x2000'1000  0x2000'7fff    0x7000



*******************************************************************************
*** MODULE SUMMARY
***

    Module            ro code  ro data  rw data
    ------            -------  -------  -------
command line/config:
    -------------------------------------------
    Total:

C:\Users\lilwiz\Documents\embedded projects\lcd\Debug\Obj: [1]
    Keypad.o              176       16
    LCD.o                 302
    Port_INIT.o           388
    Systick_Timer.o        92
    Timer.o               344
    main.o                 68
    -------------------------------------------
    Total:              1'370       16

dl7M_tln.a: [2]
    exit.o                  4
    iar_Stoulx.o          336       80
    low_level_init.o        4
    strcat.o               30
    -------------------------------------------
    Total:                374       80

m7M_tls.a: [3]
    fpinit_M.o             34
    -------------------------------------------
    Total:                 34

rt7M_tl.a: [4]
    ABImemset.o           102
    cexit.o                10
    cmain.o                30
    cstartup_M.o           12
    memchr.o               88
    strlen.o               54
    vector_table_M.o       66
    -------------------------------------------
    Total:                362

shb_l.a: [5]
    exit.o                 20
    -------------------------------------------
    Total:                 20

    Gaps                   12
    Linker created                        4'096
-----------------------------------------------
    Grand Total:        2'172       96    4'096


*******************************************************************************
*** ENTRY LIST
***

Entry                     Address   Size  Type      Object
-----                     -------   ----  ----      ------
?main                       0x879         Code  Gb  cmain.o [4]
AnyPressed                  0x699    0xc  Code  Gb  Keypad.o [1]
BlinkLed                    0x1c5   0x20  Code  Gb  Timer.o [1]
CSTACK$$Base          0x2000'0000          --   Gb  - Linker created -
CSTACK$$Limit         0x2000'1000          --   Gb  - Linker created -
Configure_SysTick           0x31d    0xc  Code  Gb  Systick_Timer.o [1]
LCD_String                  0x495   0x1c  Code  Gb  LCD.o [1]
LCD_clear                   0x48b    0xa  Code  Gb  LCD.o [1]
LCD_command                 0x3e1   0x36  Code  Gb  LCD.o [1]
LCD_data                    0x417   0x24  Code  Gb  LCD.o [1]
LCD_start                   0x445   0x46  Code  Gb  LCD.o [1]
PORTA_init                   0x41   0x3a  Code  Gb  Port_INIT.o [1]
PORTB_init                   0x7b   0x30  Code  Gb  Port_INIT.o [1]
PORTC_init                   0xab   0x34  Code  Gb  Port_INIT.o [1]
PORTE_init                   0xdf   0x3a  Code  Gb  Port_INIT.o [1]
PORTF_init                  0x119   0x42  Code  Gb  Port_INIT.o [1]
Region$$Table$$Base           0x0          --   Gb  - Linker created -
Region$$Table$$Limit          0x0          --   Gb  - Linker created -
SysTick_Wait1ms             0x329   0x22  Code  Gb  Systick_Timer.o [1]
SysTick_Wait1us             0x34b   0x20  Code  Gb  Systick_Timer.o [1]
__aeabi_memset              0x379         Code  Gb  ABImemset.o [4]
__cmain                     0x879         Code  Gb  cmain.o [4]
__exit                      0x8ad   0x14  Code  Gb  exit.o [5]
__iar_Memchr                0x769         Code  Gb  memchr.o [4]
__iar_Memset                0x379         Code  Gb  ABImemset.o [4]
__iar_Memset_word           0x381         Code  Gb  ABImemset.o [4]
__iar_Stoulx                0x549  0x13e  Code  Gb  iar_Stoulx.o [2]
__iar_init_vfp              0x855         Code  Gb  fpinit_M.o [3]
__iar_program_start         0x8d1         Code  Gb  cstartup_M.o [4]
__low_level_init            0x897    0x4  Code  Gb  low_level_init.o [2]
__vector_table                0x0         Data  Gb  vector_table_M.o [4]
_call_main                  0x885         Code  Gb  cmain.o [4]
_exit                       0x8a1         Code  Gb  cexit.o [4]
_main                       0x893         Code  Gb  cmain.o [4]
atoi                        0x68d    0x2  Code  Gb  iar_Stoulx.o [2]
detectChar                  0x6e5   0x2c  Code  Gb  Keypad.o [1]
digits                      0x7e8   0x28  Data  Lc  iar_Stoulx.o [2]
exit                        0x89b    0x4  Code  Gb  exit.o [2]
getPress                    0x711   0x2a  Code  Gb  Keypad.o [1]
getPressedChar              0x6a5   0x40  Code  Gb  Keypad.o [1]
handleInput                 0x1e5   0xa8  Code  Gb  Timer.o [1]
itoa                        0x4d3   0x3c  Code  Gb  LCD.o [1]
keymap                      0x8c0   0x10  Data  Gb  Keypad.o [1]
main                        0x811   0x44  Code  Gb  main.o [1]
memchr                      0x769         Code  Gb  memchr.o [4]
ndigs                       0x7c0   0x28  Data  Lc  iar_Stoulx.o [2]
reverse                     0x4b1   0x22  Code  Gb  LCD.o [1]
strcat                      0x749   0x1e  Code  Gb  strcat.o [2]
strlen                      0x511         Code  Gb  strlen.o [4]
timerStart                  0x28d   0x7a  Code  Gb  Timer.o [1]


[1] = C:\Users\lilwiz\Documents\embedded projects\lcd\Debug\Obj
[2] = dl7M_tln.a
[3] = m7M_tls.a
[4] = rt7M_tl.a
[5] = shb_l.a

  2'172 bytes of readonly  code memory
     96 bytes of readonly  data memory
  4'096 bytes of readwrite data memory

Errors: none
Warnings: none
